
Map of Debug\5adc_lcd_stm8s207_fw.sm8 from link file Debug\5adc_lcd_stm8s207_fw.lkf - Thu Jan  2 02:23:08 2025


                               --------
                               Segments
                               --------

start 00008080 end 00008141 length   193 segment .const
start 000081ab end 0000a6e7 length  9532 segment .text
start 00004000 end 00004000 length     0 segment .eeprom
start 00000000 end 00000062 length    98 segment .bsct, initialized
start 00008149 end 000081ab length    98 segment .bsct, from
start 00000062 end 0000006d length    11 segment .ubsct
start 0000006d end 0000006d length     0 segment .bit
start 0000006d end 0000006d length     0 segment .share
start 00000100 end 00000100 length     0 segment .data
start 00000100 end 00000100 length     0 segment .bss
start 00000000 end 00000d29 length  3369 segment .info.
start 00000000 end 0000a125 length 41253 segment .debug
start 00008000 end 00008080 length   128 segment .const
start 00008141 end 00008149 length     8 segment .init


                               -------
                               Modules
                               -------

C:\Program Files (x86)\COSMIC\FSE_Compilers\CXSTM8\lib\crtsi0.sm8:
start 000081ab end 000081fb length    80 section .text
start 00000100 end 00000100 length     0 section .bss
start 00000062 end 00000062 length     0 section .ubsct
start 00000000 end 00000033 length    51 section .info.

Debug\adc2.o:
start 000081fb end 00008266 length   107 section .text
start 00000000 end 000002b5 length   693 section .debug
start 00000033 end 0000009c length   105 section .info.

Debug\debug.o:
start 00008266 end 00008298 length    50 section .text
start 000002b5 end 000003bc length   263 section .debug
start 0000009c end 00000106 length   106 section .info.

Debug\filters.o:
start 00008298 end 00008346 length   174 section .text
start 000003bc end 000005c1 length   517 section .debug
start 00000106 end 00000172 length   108 section .info.

Debug\lcd162_i2c.o:
start 00008346 end 000085af length   617 section .text
start 00000062 end 00000063 length     1 section .ubsct
start 000005c1 end 00000b56 length  1429 section .debug
start 00000172 end 000001e1 length   111 section .info.
start 00008080 end 00008088 length     8 section .const

Debug\main.o:
start 000085af end 00008716 length   359 section .text
start 00000000 end 00000060 length    96 section .bsct
start 00000b56 end 00000f96 length  1088 section .debug
start 000001e1 end 0000024a length   105 section .info.
start 00008088 end 000080c7 length    63 section .const

Debug\serialcom.o:
start 00008716 end 0000877c length   102 section .text
start 00000f96 end 0000110a length   372 section .debug
start 0000024a end 000002b8 length   110 section .info.

Debug\stm8s_adc2.o:
start 0000877c end 00008924 length   424 section .text
start 0000110a end 00002027 length  3869 section .debug
start 000002b8 end 00000327 length   111 section .info.

Debug\stm8s_clk.o:
start 00008924 end 00008ca8 length   900 section .text
start 00002027 end 00003696 length  5743 section .debug
start 00000327 end 00000395 length   110 section .info.
start 000080c7 end 000080d3 length    12 section .const

Debug\stm8s_gpio.o:
start 00008ca8 end 00008d5a length   178 section .text
start 00003696 end 000040a0 length  2570 section .debug
start 00000395 end 00000404 length   111 section .info.

Debug\stm8s_i2c.o:
start 00008d5a end 00009099 length   831 section .text
start 000040a0 end 00005641 length  5537 section .debug
start 00000404 end 00000472 length   110 section .info.
start 000080d3 end 000080db length     8 section .const

Debug\stm8s_tim2.o:
start 00009099 end 00009573 length  1242 section .text
start 00005641 end 00007955 length  8980 section .debug
start 00000472 end 000004e1 length   111 section .info.

Debug\stm8s_uart1.o:
start 00009573 end 00009919 length   934 section .text
start 00007955 end 00008d41 length  5100 section .debug
start 000004e1 end 00000551 length   112 section .info.
start 000080db end 000080df length     4 section .const

Debug\stm8s_uart3.o:
start 00009919 end 00009cf0 length   983 section .text
start 00008d41 end 00009e6d length  4396 section .debug
start 00000551 end 000005c1 length   112 section .info.
start 000080df end 000080e3 length     4 section .const

Debug\timer.o:
start 00009cf0 end 00009d2d length    61 section .text
start 00000060 end 00000062 length     2 section .bsct
start 00009e6d end 00009fba length   333 section .debug
start 000005c1 end 0000062b length   106 section .info.

(C:\Program Files (x86)\COSMIC\FSE_Compilers\CXSTM8\lib\libis0.sm8)printf.o:
start 00009d2d end 00009d3d length    16 section .text
start 0000062b end 0000069c length   113 section .info.

(C:\Program Files (x86)\COSMIC\FSE_Compilers\CXSTM8\lib\libis0.sm8)cprint.o:
start 00009d3d end 0000a297 length  1370 section .text
start 0000069c end 0000070d length   113 section .info.
start 000080e3 end 0000811c length    57 section .const

(C:\Program Files (x86)\COSMIC\FSE_Compilers\CXSTM8\lib\libis0.sm8)itob.o:
start 0000a297 end 0000a3a7 length   272 section .text
start 0000070d end 0000077c length   111 section .info.
start 0000811c end 00008141 length    37 section .const

(C:\Program Files (x86)\COSMIC\FSE_Compilers\CXSTM8\lib\libis0.sm8)idiv0.o:
start 0000a3a7 end 0000a3b2 length    11 section .text
start 0000077c end 000007a8 length    44 section .info.

(C:\Program Files (x86)\COSMIC\FSE_Compilers\CXSTM8\lib\libis0.sm8)ildiv0.o:
start 0000a3b2 end 0000a3cd length    27 section .text
start 000007a8 end 000007d5 length    45 section .info.

(C:\Program Files (x86)\COSMIC\FSE_Compilers\CXSTM8\lib\libis0.sm8)sprnt.o:
start 0000a3cd end 0000a3e1 length    20 section .text
start 000007d5 end 00000845 length   112 section .info.

(C:\Program Files (x86)\COSMIC\FSE_Compilers\CXSTM8\lib\libis0.sm8)strlen0.o:
start 0000a3e1 end 0000a3ed length    12 section .text
start 00000845 end 00000873 length    46 section .info.

(C:\Program Files (x86)\COSMIC\FSE_Compilers\CXSTM8\lib\libis0.sm8)toup0.o:
start 0000a3ed end 0000a3f8 length    11 section .text
start 00000873 end 0000089f length    44 section .info.

(C:\Program Files (x86)\COSMIC\FSE_Compilers\CXSTM8\lib\libm0.sm8)bmulx.o:
start 0000a3f8 end 0000a406 length    14 section .text
start 0000089f end 000008ce length    47 section .info.

(C:\Program Files (x86)\COSMIC\FSE_Compilers\CXSTM8\lib\libm0.sm8)ldiv.o:
start 0000a406 end 0000a4f1 length   235 section .text
start 000008ce end 000008fc length    46 section .info.

(C:\Program Files (x86)\COSMIC\FSE_Compilers\CXSTM8\lib\libm0.sm8)lcmp.o:
start 0000a4f1 end 0000a511 length    32 section .text
start 000008fc end 0000092a length    46 section .info.

(C:\Program Files (x86)\COSMIC\FSE_Compilers\CXSTM8\lib\libm0.sm8)lgadc.o:
start 0000a511 end 0000a521 length    16 section .text
start 0000092a end 00000959 length    47 section .info.

(C:\Program Files (x86)\COSMIC\FSE_Compilers\CXSTM8\lib\libm0.sm8)lgadd.o:
start 0000a521 end 0000a538 length    23 section .text
start 00000959 end 00000988 length    47 section .info.

(C:\Program Files (x86)\COSMIC\FSE_Compilers\CXSTM8\lib\libm0.sm8)lgneg.o:
start 0000a538 end 0000a54b length    19 section .text
start 00000988 end 000009b7 length    47 section .info.

(C:\Program Files (x86)\COSMIC\FSE_Compilers\CXSTM8\lib\libm0.sm8)lgsub.o:
start 0000a54b end 0000a562 length    23 section .text
start 000009b7 end 000009e6 length    47 section .info.

(C:\Program Files (x86)\COSMIC\FSE_Compilers\CXSTM8\lib\libm0.sm8)llsh.o:
start 0000a562 end 0000a571 length    15 section .text
start 000009e6 end 00000a14 length    46 section .info.

(C:\Program Files (x86)\COSMIC\FSE_Compilers\CXSTM8\lib\libm0.sm8)lmul.o:
start 0000a571 end 0000a5fc length   139 section .text
start 00000a14 end 00000a42 length    46 section .info.

(C:\Program Files (x86)\COSMIC\FSE_Compilers\CXSTM8\lib\libm0.sm8)lneg.o:
start 0000a5fc end 0000a611 length    21 section .text
start 00000a42 end 00000a70 length    46 section .info.

(C:\Program Files (x86)\COSMIC\FSE_Compilers\CXSTM8\lib\libm0.sm8)lreg.o:
start 00000063 end 00000067 length     4 section .ubsct
start 00000a70 end 00000a9e length    46 section .info.

(C:\Program Files (x86)\COSMIC\FSE_Compilers\CXSTM8\lib\libm0.sm8)lsub.o:
start 0000a611 end 0000a629 length    24 section .text
start 00000a9e end 00000acc length    46 section .info.

(C:\Program Files (x86)\COSMIC\FSE_Compilers\CXSTM8\lib\libm0.sm8)ltor.o:
start 0000a629 end 0000a63b length    18 section .text
start 00000acc end 00000afa length    46 section .info.

(C:\Program Files (x86)\COSMIC\FSE_Compilers\CXSTM8\lib\libm0.sm8)ludiv.o:
start 0000a63b end 0000a64f length    20 section .text
start 00000afa end 00000b29 length    47 section .info.

(C:\Program Files (x86)\COSMIC\FSE_Compilers\CXSTM8\lib\libm0.sm8)lzmp.o:
start 0000a64f end 0000a662 length    19 section .text
start 00000b29 end 00000b57 length    46 section .info.

(C:\Program Files (x86)\COSMIC\FSE_Compilers\CXSTM8\lib\libm0.sm8)rtol.o:
start 0000a662 end 0000a674 length    18 section .text
start 00000b57 end 00000b85 length    46 section .info.

(C:\Program Files (x86)\COSMIC\FSE_Compilers\CXSTM8\lib\libm0.sm8)sdivx.o:
start 0000a674 end 0000a69f length    43 section .text
start 00000b85 end 00000bb4 length    47 section .info.

(C:\Program Files (x86)\COSMIC\FSE_Compilers\CXSTM8\lib\libm0.sm8)smul.o:
start 0000a69f end 0000a6de length    63 section .text
start 00000bb4 end 00000be2 length    46 section .info.

(C:\Program Files (x86)\COSMIC\FSE_Compilers\CXSTM8\lib\libm0.sm8)utoly.o:
start 0000a6de end 0000a6e6 length     8 section .text
start 00000be2 end 00000c11 length    47 section .info.

(C:\Program Files (x86)\COSMIC\FSE_Compilers\CXSTM8\lib\libm0.sm8)xreg.o:
start 00000067 end 0000006a length     3 section .ubsct
start 00000c11 end 00000c3f length    46 section .info.

(C:\Program Files (x86)\COSMIC\FSE_Compilers\CXSTM8\lib\libm0.sm8)yreg.o:
start 0000006a end 0000006d length     3 section .ubsct
start 00000c3f end 00000c6d length    46 section .info.

Debug\stm8_interrupt_vector.o:
start 0000a6e6 end 0000a6e7 length     1 section .text
start 00009fba end 0000a125 length   363 section .debug
start 00000c6d end 00000ce7 length   122 section .info.
start 00008000 end 00008080 length   128 section .const


                             -----------
                             Stack usage
                             -----------

Debug\adc2.o:
_ADC_Init                           10   (5)
_ADC_Read                           28   (4)
_ADC_ReadChannel                    19   (4)

Debug\debug.o:
_dbg_init                           50   (2)
_putchar                             8   (3)

Debug\filters.o:
_MovAvgFilter_Init                   5   (5)
_MovAvgFilter_Update                24   (10)

Debug\lcd162_i2c.o:
_Delay_ms                           16   (14)
_LCD_Begin                          39   (4)
_LCD_Clear                          25   (2)
_LCD_Cmd                            23   (3)
_LCD_OffBL                      >   19   (2)
_LCD_OnBL                           19   (2)
_LCD_PrintChar                      25   (5)
_LCD_PrintString                    31   (6)
_LCD_SetBit                         20   (3)
_LCD_SetCursor                      29   (6)
_PCF8574write                       17   (4)
_PCF8574writeAll                    13   (3)

Debug\main.o:
_ADC_GetValue                   >    2   (2)
_ADC_Update                         31   (3)
_BlinkLED                       >   18   (2)
_delay                              16   (10)
_main                           >  125   (37)

Debug\serialcom.o:
_Serial_Init                        51   (2)
_Serial_Print                       10   (5)
_Serial_ReadChar                     7   (2)

Debug\stm8_interrupt_vector.o:
f_NonHandledInterrupt           >    6   (6)

Debug\stm8s_adc2.o:
_ADC2_ClearFlag                      2   (2)
_ADC2_ClearITPendingBit         >    2   (2)
_ADC2_Cmd                            2   (2)
_ADC2_ConversionConfig               5   (5)
_ADC2_DeInit                         2   (2)
_ADC2_ExternalTriggerConfig          4   (4)
_ADC2_GetConversionValue             7   (7)
_ADC2_GetFlagStatus                  2   (2)
_ADC2_GetITStatus               >    2   (2)
_ADC2_ITConfig                  >    2   (2)
_ADC2_Init                          15   (10)
_ADC2_PrescalerConfig                3   (3)
_ADC2_SchmittTriggerConfig           4   (4)
_ADC2_StartConversion                2   (2)

Debug\stm8s_clk.o:
_CLK_AdjustHSICalibrationValue  >    3   (3)
_CLK_CCOCmd                     >    2   (2)
_CLK_CCOConfig                  >    3   (3)
_CLK_ClearITPendingBit          >    2   (2)
_CLK_ClockSecuritySystemEnable  >    2   (2)
_CLK_ClockSwitchCmd             >    2   (2)
_CLK_ClockSwitchConfig          >   10   (10)
_CLK_DeInit                     >    2   (2)
_CLK_FastHaltWakeUpCmd          >    2   (2)
_CLK_GetClockFreq                   25   (11)
_CLK_GetFlagStatus              >    7   (7)
_CLK_GetITStatus                >    4   (4)
_CLK_GetSYSCLKSource            >    2   (2)
_CLK_HSECmd                     >    2   (2)
_CLK_HSICmd                     >    2   (2)
_CLK_HSIPrescalerConfig              3   (3)
_CLK_ITConfig                   >    4   (4)
_CLK_LSICmd                     >    2   (2)
_CLK_PeripheralClockConfig      >    4   (4)
_CLK_SWIMConfig                 >    2   (2)
_CLK_SYSCLKConfig               >    3   (3)
_CLK_SYSCLKEmergencyClear       >    2   (2)
_CLK_SlowActiveHaltWakeUpCmd    >    2   (2)

Debug\stm8s_gpio.o:
_GPIO_DeInit                    >    2   (2)
_GPIO_ExternalPullUpConfig      >    6   (6)
_GPIO_Init                           6   (6)
_GPIO_ReadInputData             >    2   (2)
_GPIO_ReadInputPin              >    5   (5)
_GPIO_ReadOutputData            >    2   (2)
_GPIO_Write                     >    5   (5)
_GPIO_WriteHigh                      5   (5)
_GPIO_WriteLow                       5   (5)
_GPIO_WriteReverse              >    5   (5)

Debug\stm8s_i2c.o:
_I2C_AcknowledgeConfig               3   (3)
_I2C_CheckEvent                     10   (10)
_I2C_ClearFlag                  >    4   (4)
_I2C_ClearITPendingBit          >    4   (4)
_I2C_Cmd                        >    2   (2)
_I2C_DeInit                     >    2   (2)
_I2C_FastModeDutyCycleConfig    >    2   (2)
_I2C_GeneralCallCmd             >    2   (2)
_I2C_GenerateSTART                   2   (2)
_I2C_GenerateSTOP                    2   (2)
_I2C_GetFlagStatus              >    6   (6)
_I2C_GetITStatus                >    8   (8)
_I2C_GetLastEvent               >    8   (8)
_I2C_ITConfig                   >    4   (4)
_I2C_Init                           35   (21)
_I2C_ReceiveData                >    2   (2)
_I2C_Send7bitAddress                 4   (4)
_I2C_SendData                        2   (2)
_I2C_SoftwareResetCmd           >    2   (2)
_I2C_StretchClockCmd            >    2   (2)

Debug\stm8s_tim2.o:
L3_TI1_Config                        6   (6)
L5_TI2_Config                        6   (6)
L7_TI3_Config                        6   (6)
_TIM2_ARRPreloadConfig          >    2   (2)
_TIM2_CCxCmd                    >    4   (4)
_TIM2_ClearFlag                 >    2   (2)
_TIM2_ClearITPendingBit         >    2   (2)
_TIM2_Cmd                            2   (2)
_TIM2_DeInit                         2   (2)
_TIM2_ForcedOC1Config           >    3   (3)
_TIM2_ForcedOC2Config           >    3   (3)
_TIM2_ForcedOC3Config           >    3   (3)
_TIM2_GenerateEvent             >    2   (2)
_TIM2_GetCapture1               >    6   (6)
_TIM2_GetCapture2               >    6   (6)
_TIM2_GetCapture3               >    6   (6)
_TIM2_GetCounter                >    4   (4)
_TIM2_GetFlagStatus             >    6   (6)
_TIM2_GetITStatus               >    5   (5)
_TIM2_GetPrescaler              >    2   (2)
_TIM2_ICInit                    >   13   (7)
_TIM2_ITConfig                  >    4   (4)
_TIM2_OC1Init                        8   (8)
_TIM2_OC1PolarityConfig         >    2   (2)
_TIM2_OC1PreloadConfig          >    2   (2)
_TIM2_OC2Init                   >    8   (8)
_TIM2_OC2PolarityConfig         >    2   (2)
_TIM2_OC2PreloadConfig          >    2   (2)
_TIM2_OC3Init                   >    8   (8)
_TIM2_OC3PolarityConfig         >    2   (2)
_TIM2_OC3PreloadConfig          >    2   (2)
_TIM2_PWMIConfig                >   15   (9)
_TIM2_PrescalerConfig           >    2   (2)
_TIM2_SelectOCxM                >    4   (4)
_TIM2_SelectOnePulseMode        >    2   (2)
_TIM2_SetAutoreload             >    2   (2)
_TIM2_SetCompare1                    2   (2)
_TIM2_SetCompare2               >    2   (2)
_TIM2_SetCompare3               >    2   (2)
_TIM2_SetCounter                >    2   (2)
_TIM2_SetIC1Prescaler                3   (3)
_TIM2_SetIC2Prescaler                3   (3)
_TIM2_SetIC3Prescaler                3   (3)
_TIM2_TimeBaseInit                   5   (5)
_TIM2_UpdateDisableConfig       >    2   (2)
_TIM2_UpdateRequestConfig       >    2   (2)

Debug\stm8s_uart1.o:
_UART1_ClearFlag                >    2   (2)
_UART1_ClearITPendingBit        >    2   (2)
_UART1_Cmd                           2   (2)
_UART1_DeInit                        2   (2)
_UART1_GetFlagStatus                 5   (5)
_UART1_GetITStatus              >    6   (6)
_UART1_HalfDuplexCmd            >    2   (2)
_UART1_ITConfig                 >    7   (7)
_UART1_Init                         48   (23)
_UART1_IrDACmd                  >    2   (2)
_UART1_IrDAConfig               >    2   (2)
_UART1_LINBreakDetectionConfig  >    2   (2)
_UART1_LINCmd                   >    2   (2)
_UART1_ReceiveData8             >    2   (2)
_UART1_ReceiveData9             >    4   (4)
_UART1_ReceiverWakeUpCmd        >    2   (2)
_UART1_SendBreak                >    2   (2)
_UART1_SendData8                     2   (2)
_UART1_SendData9                >    4   (4)
_UART1_SetAddress               >    3   (3)
_UART1_SetGuardTime             >    2   (2)
_UART1_SetPrescaler             >    2   (2)
_UART1_SmartCardCmd             >    2   (2)
_UART1_SmartCardNACKCmd         >    2   (2)
_UART1_WakeUpConfig             >    2   (2)

Debug\stm8s_uart3.o:
_UART3_ClearFlag                     4   (4)
_UART3_ClearITPendingBit        >    4   (4)
_UART3_Cmd                           2   (2)
_UART3_DeInit                        2   (2)
_UART3_GetFlagStatus                 5   (5)
_UART3_GetITStatus              >    6   (6)
_UART3_ITConfig                 >    7   (7)
_UART3_Init                         49   (24)
_UART3_LINBreakDetectionConfig  >    2   (2)
_UART3_LINCmd                   >    2   (2)
_UART3_LINConfig                >    5   (5)
_UART3_ReceiveData8                  2   (2)
_UART3_ReceiveData9             >    4   (4)
_UART3_ReceiverWakeUpCmd        >    2   (2)
_UART3_SendBreak                >    2   (2)
_UART3_SendData8                     2   (2)
_UART3_SendData9                >    4   (4)
_UART3_SetAddress               >    3   (3)
_UART3_WakeUpConfig             >    2   (2)

Debug\timer.o:
_TIM_Init                           10   (2)
_TIM_SetDuty                         9   (5)

C:\Program Files (x86:
L11__cvtup                           8   (6)
L31__putbuf                         17   (9)
L7__gnum                            20   (16)
__print                             74   (51)
__udiv                               4   (4)
__uldiv                              6   (6)
__itob                              19   (15)
__ltob                              23   (17)
_printf                             86   (12)
_sprintf                            88   (14)
_strlen                              2   (2)
_toupper                             2   (2)

Stack size: 131


                              ---------
                              Call tree
                              ---------
   1 > _ADC2_ClearITPendingBit: (2)

   2 > _ADC2_GetITStatus: (2)

   3 > _ADC2_ITConfig: (2)

   4 > _ADC_GetValue: (2)

   5 > _BlinkLED: (2)
   6      + _GPIO_WriteHigh: (5)
   7      + _GPIO_WriteLow: (5)
   8      + _delay: (10)
       
   9 > _CLK_AdjustHSICalibrationValue: (3)

  10 > _CLK_CCOCmd: (2)

  11 > _CLK_CCOConfig: (3)

  12 > _CLK_ClearITPendingBit: (2)

  13 > _CLK_ClockSecuritySystemEnable: (2)

  14 > _CLK_ClockSwitchCmd: (2)

  15 > _CLK_ClockSwitchConfig: (10)

  16 > _CLK_DeInit: (2)

  17 > _CLK_FastHaltWakeUpCmd: (2)

  18 > _CLK_GetFlagStatus: (7)

  19 > _CLK_GetITStatus: (4)

  20 > _CLK_GetSYSCLKSource: (2)

  21 > _CLK_HSECmd: (2)

  22 > _CLK_HSICmd: (2)

  23 > _CLK_ITConfig: (4)

  24 > _CLK_LSICmd: (2)

  25 > _CLK_PeripheralClockConfig: (4)

  26 > _CLK_SWIMConfig: (2)

  27 > _CLK_SYSCLKConfig: (3)

  28 > _CLK_SYSCLKEmergencyClear: (2)

  29 > _CLK_SlowActiveHaltWakeUpCmd: (2)

  30 > _GPIO_DeInit: (2)

  31 > _GPIO_ExternalPullUpConfig: (6)

  32 > _GPIO_ReadInputData: (2)

  33 > _GPIO_ReadInputPin: (5)

  34 > _GPIO_ReadOutputData: (2)

  35 > _GPIO_Write: (5)

  36 > _GPIO_WriteReverse: (5)

  37 > _I2C_ClearFlag: (4)

  38 > _I2C_ClearITPendingBit: (4)

  39 > _I2C_Cmd: (2)

  40 > _I2C_DeInit: (2)

  41 > _I2C_FastModeDutyCycleConfig: (2)

  42 > _I2C_GeneralCallCmd: (2)

  43 > _I2C_GetFlagStatus: (6)

  44 > _I2C_GetITStatus: (8)

  45 > _I2C_GetLastEvent: (8)

  46 > _I2C_ITConfig: (4)

  47 > _I2C_ReceiveData: (2)

  48 > _I2C_SoftwareResetCmd: (2)

  49 > _I2C_StretchClockCmd: (2)

  50 > _LCD_OffBL: (2)
  51      + _PCF8574write: (4)
  52      |    + _PCF8574writeAll: (3)
  53      |    |    + _I2C_CheckEvent: (10)
  54      |    |    + _I2C_GenerateSTART: (2)
  55      |    |    + _I2C_GenerateSTOP: (2)
  56      |    |    + _I2C_Send7bitAddress: (4)
  57      |    |    + _I2C_SendData: (2)
          |    | 
          | 
       
  58 > _TIM2_ARRPreloadConfig: (2)

  59 > _TIM2_CCxCmd: (4)

  60 > _TIM2_ClearFlag: (2)

  61 > _TIM2_ClearITPendingBit: (2)

  62 > _TIM2_ForcedOC1Config: (3)

  63 > _TIM2_ForcedOC2Config: (3)

  64 > _TIM2_ForcedOC3Config: (3)

  65 > _TIM2_GenerateEvent: (2)

  66 > _TIM2_GetCapture1: (6)

  67 > _TIM2_GetCapture2: (6)

  68 > _TIM2_GetCapture3: (6)

  69 > _TIM2_GetCounter: (4)

  70 > _TIM2_GetFlagStatus: (6)

  71 > _TIM2_GetITStatus: (5)

  72 > _TIM2_GetPrescaler: (2)

  73 > _TIM2_ICInit: (7)
  74      + L3_TI1_Config: (6)
  75      + L5_TI2_Config: (6)
  76      + L7_TI3_Config: (6)
  77      + _TIM2_SetIC1Prescaler: (3)
  78      + _TIM2_SetIC2Prescaler: (3)
  79      + _TIM2_SetIC3Prescaler: (3)
       
  80 > _TIM2_ITConfig: (4)

  81 > _TIM2_OC1PolarityConfig: (2)

  82 > _TIM2_OC1PreloadConfig: (2)

  83 > _TIM2_OC2Init: (8)

  84 > _TIM2_OC2PolarityConfig: (2)

  85 > _TIM2_OC2PreloadConfig: (2)

  86 > _TIM2_OC3Init: (8)

  87 > _TIM2_OC3PolarityConfig: (2)

  88 > _TIM2_OC3PreloadConfig: (2)

  89 > _TIM2_PWMIConfig: (9)
  90      + L3_TI1_Config --> 74
  91      + L5_TI2_Config --> 75
  92      + _TIM2_SetIC1Prescaler --> 77
  93      + _TIM2_SetIC2Prescaler --> 78
       
  94 > _TIM2_PrescalerConfig: (2)

  95 > _TIM2_SelectOCxM: (4)

  96 > _TIM2_SelectOnePulseMode: (2)

  97 > _TIM2_SetAutoreload: (2)

  98 > _TIM2_SetCompare2: (2)

  99 > _TIM2_SetCompare3: (2)

 100 > _TIM2_SetCounter: (2)

 101 > _TIM2_UpdateDisableConfig: (2)

 102 > _TIM2_UpdateRequestConfig: (2)

 103 > _UART1_ClearFlag: (2)

 104 > _UART1_ClearITPendingBit: (2)

 105 > _UART1_GetITStatus: (6)

 106 > _UART1_HalfDuplexCmd: (2)

 107 > _UART1_ITConfig: (7)

 108 > _UART1_IrDACmd: (2)

 109 > _UART1_IrDAConfig: (2)

 110 > _UART1_LINBreakDetectionConfig: (2)

 111 > _UART1_LINCmd: (2)

 112 > _UART1_ReceiveData8: (2)

 113 > _UART1_ReceiveData9: (4)

 114 > _UART1_ReceiverWakeUpCmd: (2)

 115 > _UART1_SendBreak: (2)

 116 > _UART1_SendData9: (4)

 117 > _UART1_SetAddress: (3)

 118 > _UART1_SetGuardTime: (2)

 119 > _UART1_SetPrescaler: (2)

 120 > _UART1_SmartCardCmd: (2)

 121 > _UART1_SmartCardNACKCmd: (2)

 122 > _UART1_WakeUpConfig: (2)

 123 > _UART3_ClearITPendingBit: (4)

 124 > _UART3_GetITStatus: (6)

 125 > _UART3_ITConfig: (7)

 126 > _UART3_LINBreakDetectionConfig: (2)

 127 > _UART3_LINCmd: (2)

 128 > _UART3_LINConfig: (5)

 129 > _UART3_ReceiveData9: (4)

 130 > _UART3_ReceiverWakeUpCmd: (2)

 131 > _UART3_SendBreak: (2)

 132 > _UART3_SendData9: (4)

 133 > _UART3_SetAddress: (3)

 134 > _UART3_WakeUpConfig: (2)

 135 > __stext: (0)

 136 > _main: (37)
 137      + _ADC_Init: (5)
 138      |    + _MovAvgFilter_Init: (5)
          | 
 139      + _ADC_Update: (3)
 140      |    + _ADC_Read: (4)
 141      |    |    + _ADC_ReadChannel: (4)
 142      |    |    |    + _ADC2_ClearFlag: (2)
 143      |    |    |    + _ADC2_Cmd: (2)
 144      |    |    |    + _ADC2_DeInit: (2)
 145      |    |    |    + _ADC2_GetConversionValue: (7)
 146      |    |    |    + _ADC2_GetFlagStatus: (2)
 147      |    |    |    + _ADC2_Init: (10)
 148      |    |    |    |    + _ADC2_ConversionConfig: (5)
 149      |    |    |    |    + _ADC2_ExternalTriggerConfig: (4)
 150      |    |    |    |    + _ADC2_PrescalerConfig: (3)
 151      |    |    |    |    + _ADC2_SchmittTriggerConfig: (4)
          |    |    |    | 
 152      |    |    |    + _ADC2_StartConversion: (2)
          |    |    | 
 153      |    |    + _MovAvgFilter_Update: (10)
          |    | 
          | 
 154      + _CLK_HSIPrescalerConfig: (3)
 155      + _GPIO_Init: (6)
 156      + _LCD_Begin: (4)
 157      |    + _CLK_GetClockFreq: (11)
 158      |    + _Delay_ms: (14)
 159      |    + _I2C_Init: (21)
 160      |    |    + _I2C_AcknowledgeConfig: (3)
          |    | 
 161      |    + _LCD_Cmd: (3)
 162      |    |    + _Delay_ms --> 158
 163      |    |    + _LCD_SetBit: (3)
 164      |    |    |    + _PCF8574write --> 51
          |    |    | 
 165      |    |    + _PCF8574write --> 51
          |    | 
 166      |    + _LCD_SetBit --> 163
 167      |    + _PCF8574writeAll --> 52
          | 
 168      + _LCD_Clear: (2)
 169      |    + _LCD_Cmd --> 161
          | 
 170      + _LCD_OnBL: (2)
 171      |    + _PCF8574write --> 51
          | 
 172      + _LCD_PrintString: (6)
 173      |    + _LCD_PrintChar: (5)
 174      |    |    + _Delay_ms --> 158
 175      |    |    + _LCD_SetBit --> 163
 176      |    |    + _PCF8574write --> 51
          |    | 
          | 
 177      + _LCD_SetCursor: (6)
 178      |    + _LCD_Cmd --> 161
          | 
 179      + _Serial_Init: (2)
 180      |    + _UART3_Cmd: (2)
 181      |    + _UART3_DeInit: (2)
 182      |    + _UART3_Init: (24)
 183      |    |    + _CLK_GetClockFreq --> 157
          |    | 
          | 
 184      + _Serial_Print: (5)
 185      |    + _UART3_GetFlagStatus: (5)
 186      |    + _UART3_SendData8: (2)
          | 
 187      + _Serial_ReadChar: (2)
 188      |    + _UART3_ClearFlag: (4)
 189      |    + _UART3_GetFlagStatus --> 185
 190      |    + _UART3_ReceiveData8: (2)
          | 
 191      + _TIM_Init: (2)
 192      |    + _TIM2_Cmd: (2)
 193      |    + _TIM2_DeInit: (2)
 194      |    + _TIM2_OC1Init: (8)
 195      |    + _TIM2_TimeBaseInit: (5)
          | 
 196      + _TIM_SetDuty: (5)
 197      |    + _TIM2_SetCompare1: (2)
          | 
 198      + _dbg_init: (2)
 199      |    + _UART1_Cmd: (2)
 200      |    + _UART1_DeInit: (2)
 201      |    + _UART1_Init: (23)
 202      |    |    + _CLK_GetClockFreq --> 157
          |    | 
          | 
 203      + _delay --> 8
 204      + _printf: (12)
 205      |    + __print: (51)
 206      |    |    + L11__cvtup: (6)
 207      |    |    |    + _toupper: (2)
          |    |    | 
 208      |    |    + L31__putbuf: (9)
 209      |    |    |    + _putchar: (3)
 210      |    |    |    |    + _UART1_GetFlagStatus: (5)
 211      |    |    |    |    + _UART1_SendData8: (2)
          |    |    |    | 
          |    |    | 
 212      |    |    + L7__gnum: (16)
 213      |    |    + __itob: (15)
 214      |    |    |    + __udiv: (4)
          |    |    | 
 215      |    |    + __ltob: (17)
 216      |    |    |    + __uldiv: (6)
          |    |    | 
 217      |    |    + _strlen: (2)
          |    | 
          | 
 218      + _sprintf: (14)
 219      |    + __print --> 205
          | 
       
 220 > f_NonHandledInterrupt: (6)

 221   L11__cvtup --> 206

 222   L31__putbuf --> 208

 223   L3_TI1_Config --> 74

 224   L5_TI2_Config --> 75

 225   L7_TI3_Config --> 76

 226   L7__gnum --> 212

 227   _ADC2_ClearFlag --> 142

 228   _ADC2_Cmd --> 143

 229   _ADC2_ConversionConfig --> 148

 230   _ADC2_DeInit --> 144

 231   _ADC2_ExternalTriggerConfig --> 149

 232   _ADC2_GetConversionValue --> 145

 233   _ADC2_GetFlagStatus --> 146

 234   _ADC2_Init --> 147

 235   _ADC2_PrescalerConfig --> 150

 236   _ADC2_SchmittTriggerConfig --> 151

 237   _ADC2_StartConversion --> 152

 238   _ADC_Init --> 137

 239   _ADC_Read --> 140

 240   _ADC_ReadChannel --> 141

 241   _ADC_Update --> 139

 242   _CLK_GetClockFreq --> 157

 243   _CLK_HSIPrescalerConfig --> 154

 244   _Delay_ms --> 158

 245   _GPIO_Init --> 155

 246   _GPIO_WriteHigh --> 6

 247   _GPIO_WriteLow --> 7

 248   _I2C_AcknowledgeConfig --> 160

 249   _I2C_CheckEvent --> 53

 250   _I2C_GenerateSTART --> 54

 251   _I2C_GenerateSTOP --> 55

 252   _I2C_Init --> 159

 253   _I2C_Send7bitAddress --> 56

 254   _I2C_SendData --> 57

 255   _LCD_Begin --> 156

 256   _LCD_Clear --> 168

 257   _LCD_Cmd --> 161

 258   _LCD_OnBL --> 170

 259   _LCD_PrintChar --> 173

 260   _LCD_PrintString --> 172

 261   _LCD_SetBit --> 163

 262   _LCD_SetCursor --> 177

 263   _MovAvgFilter_Init --> 138

 264   _MovAvgFilter_Update --> 153

 265   _PCF8574write --> 51

 266   _PCF8574writeAll --> 52

 267   _Serial_Init --> 179

 268   _Serial_Print --> 184

 269   _Serial_ReadChar --> 187

 270   _TIM2_Cmd --> 192

 271   _TIM2_DeInit --> 193

 272   _TIM2_OC1Init --> 194

 273   _TIM2_SetCompare1 --> 197

 274   _TIM2_SetIC1Prescaler --> 77

 275   _TIM2_SetIC2Prescaler --> 78

 276   _TIM2_SetIC3Prescaler --> 79

 277   _TIM2_TimeBaseInit --> 195

 278   _TIM_Init --> 191

 279   _TIM_SetDuty --> 196

 280   _UART1_Cmd --> 199

 281   _UART1_DeInit --> 200

 282   _UART1_GetFlagStatus --> 210

 283   _UART1_Init --> 201

 284   _UART1_SendData8 --> 211

 285   _UART3_ClearFlag --> 188

 286   _UART3_Cmd --> 180

 287   _UART3_DeInit --> 181

 288   _UART3_GetFlagStatus --> 185

 289   _UART3_Init --> 182

 290   _UART3_ReceiveData8 --> 190

 291   _UART3_SendData8 --> 186

 292   __itob --> 213

 293   __ltob --> 215

 294   __print --> 205

 295   __udiv --> 214

 296   __uldiv --> 216

 297   _dbg_init --> 198

 298   _delay --> 8

 299   _printf --> 204

 300   _putchar --> 209

 301   _sprintf --> 218

 302   _strlen --> 217

 303   _toupper --> 207



                               -------
                               Symbols
                               -------

_ADC2_ClearFlag                  00008914   defined in Debug\stm8s_adc2.o section .text
                                            used in Debug\adc2.o
_ADC2_ClearITPendingBit          0000891f   defined in Debug\stm8s_adc2.o section .text
_ADC2_Cmd                        000087b9   defined in Debug\stm8s_adc2.o section .text
                                            used in Debug\adc2.o
_ADC2_ConversionConfig           00008876   defined in Debug\stm8s_adc2.o section .text
_ADC2_DeInit                     0000877c   defined in Debug\stm8s_adc2.o section .text
                                            used in Debug\adc2.o
_ADC2_ExternalTriggerConfig      000088a4   defined in Debug\stm8s_adc2.o section .text
_ADC2_GetConversionValue         000088ca   defined in Debug\stm8s_adc2.o section .text
                                            used in Debug\adc2.o
_ADC2_GetFlagStatus              0000890e   defined in Debug\stm8s_adc2.o section .text
                                            used in Debug\adc2.o
_ADC2_GetITStatus                00008919   defined in Debug\stm8s_adc2.o section .text
_ADC2_ITConfig                   000087c7   defined in Debug\stm8s_adc2.o section .text
_ADC2_Init                       00008791   defined in Debug\stm8s_adc2.o section .text
                                            used in Debug\adc2.o
_ADC2_PrescalerConfig            000087d5   defined in Debug\stm8s_adc2.o section .text
_ADC2_SchmittTriggerConfig       000087e8   defined in Debug\stm8s_adc2.o section .text
_ADC2_StartConversion            000088c5   defined in Debug\stm8s_adc2.o section .text
                                            used in Debug\adc2.o
_ADC_GetValue                    000086af   defined in Debug\main.o section .text
_ADC_Init                        000081fb   defined in Debug\adc2.o section .text
                                            used in Debug\main.o
_ADC_Read                        00008242   defined in Debug\adc2.o section .text
                                            used in Debug\main.o
_ADC_ReadChannel                 00008211   defined in Debug\adc2.o section .text
_ADC_Update                      00008691   defined in Debug\main.o section .text
_BlinkLED                        000086bc   defined in Debug\main.o section .text
_CLKPrescTable                   000080cb   defined in Debug\stm8s_clk.o section .const
_CLK_AdjustHSICalibrationValue   00008bfe   defined in Debug\stm8s_clk.o section .text
_CLK_CCOCmd                      00008994   defined in Debug\stm8s_clk.o section .text
_CLK_CCOConfig                   00008af7   defined in Debug\stm8s_clk.o section .text
_CLK_ClearITPendingBit           00008c99   defined in Debug\stm8s_clk.o section .text
_CLK_ClockSecuritySystemEnable   00008b81   defined in Debug\stm8s_clk.o section .text
_CLK_ClockSwitchCmd              000089a2   defined in Debug\stm8s_clk.o section .text
_CLK_ClockSwitchConfig           00008a2a   defined in Debug\stm8s_clk.o section .text
_CLK_DeInit                      00008924   defined in Debug\stm8s_clk.o section .text
_CLK_FastHaltWakeUpCmd           0000895c   defined in Debug\stm8s_clk.o section .text
_CLK_GetClockFreq                00008b8a   defined in Debug\stm8s_clk.o section .text
                                            used in Debug\lcd162_i2c.o
                                                    Debug\stm8s_uart1.o
                                                    Debug\stm8s_uart3.o
_CLK_GetFlagStatus               00008c10   defined in Debug\stm8s_clk.o section .text
_CLK_GetITStatus                 00008c6d   defined in Debug\stm8s_clk.o section .text
_CLK_GetSYSCLKSource             00008b86   defined in Debug\stm8s_clk.o section .text
_CLK_HSECmd                      0000896a   defined in Debug\stm8s_clk.o section .text
_CLK_HSICmd                      00008978   defined in Debug\stm8s_clk.o section .text
_CLK_HSIPrescalerConfig          00008ae4   defined in Debug\stm8s_clk.o section .text
                                            used in Debug\main.o
_CLK_ITConfig                    00008b0e   defined in Debug\stm8s_clk.o section .text
_CLK_LSICmd                      00008986   defined in Debug\stm8s_clk.o section .text
_CLK_PeripheralClockConfig       000089be   defined in Debug\stm8s_clk.o section .text
_CLK_SWIMConfig                  00008b73   defined in Debug\stm8s_clk.o section .text
_CLK_SYSCLKConfig                00008b46   defined in Debug\stm8s_clk.o section .text
_CLK_SYSCLKEmergencyClear        00008c0b   defined in Debug\stm8s_clk.o section .text
_CLK_SlowActiveHaltWakeUpCmd     000089b0   defined in Debug\stm8s_clk.o section .text
_Delay_ms                        00008346   defined in Debug\lcd162_i2c.o section .text
_GPIO_DeInit                     00008ca8   defined in Debug\stm8s_gpio.o section .text
_GPIO_ExternalPullUpConfig       00008d42   defined in Debug\stm8s_gpio.o section .text
_GPIO_Init                       00008cb0   defined in Debug\stm8s_gpio.o section .text
                                            used in Debug\main.o
_GPIO_ReadInputData              00008d38   defined in Debug\stm8s_gpio.o section .text
_GPIO_ReadInputPin               00008d3b   defined in Debug\stm8s_gpio.o section .text
_GPIO_ReadOutputData             00008d36   defined in Debug\stm8s_gpio.o section .text
_GPIO_Write                      00008d18   defined in Debug\stm8s_gpio.o section .text
_GPIO_WriteHigh                  00008d20   defined in Debug\stm8s_gpio.o section .text
                                            used in Debug\main.o
_GPIO_WriteLow                   00008d27   defined in Debug\stm8s_gpio.o section .text
                                            used in Debug\main.o
_GPIO_WriteReverse               00008d2f   defined in Debug\stm8s_gpio.o section .text
_HSIDivFactor                    000080c7   defined in Debug\stm8s_clk.o section .const
_I2C_AcknowledgeConfig           00008f09   defined in Debug\stm8s_i2c.o section .text
_I2C_CheckEvent                  00008f69   defined in Debug\stm8s_i2c.o section .text
                                            used in Debug\lcd162_i2c.o
_I2C_ClearFlag                   00009027   defined in Debug\stm8s_i2c.o section .text
_I2C_ClearITPendingBit           00009088   defined in Debug\stm8s_i2c.o section .text
_I2C_Cmd                         00008eb5   defined in Debug\stm8s_i2c.o section .text
_I2C_DeInit                      00008d5a   defined in Debug\stm8s_i2c.o section .text
_I2C_FastModeDutyCycleConfig     00008f42   defined in Debug\stm8s_i2c.o section .text
_I2C_GeneralCallCmd              00008ec3   defined in Debug\stm8s_i2c.o section .text
_I2C_GenerateSTART               00008ed1   defined in Debug\stm8s_i2c.o section .text
                                            used in Debug\lcd162_i2c.o
_I2C_GenerateSTOP                00008edf   defined in Debug\stm8s_i2c.o section .text
                                            used in Debug\lcd162_i2c.o
_I2C_GetFlagStatus               00008fed   defined in Debug\stm8s_i2c.o section .text
_I2C_GetITStatus                 00009038   defined in Debug\stm8s_i2c.o section .text
_I2C_GetLastEvent                00008fba   defined in Debug\stm8s_i2c.o section .text
_I2C_ITConfig                    00008f29   defined in Debug\stm8s_i2c.o section .text
_I2C_Init                        00008d7f   defined in Debug\stm8s_i2c.o section .text
                                            used in Debug\lcd162_i2c.o
_I2C_ReceiveData                 00008f51   defined in Debug\stm8s_i2c.o section .text
_I2C_Send7bitAddress             00008f55   defined in Debug\stm8s_i2c.o section .text
                                            used in Debug\lcd162_i2c.o
_I2C_SendData                    00008f65   defined in Debug\stm8s_i2c.o section .text
                                            used in Debug\lcd162_i2c.o
_I2C_SoftwareResetCmd            00008eed   defined in Debug\stm8s_i2c.o section .text
_I2C_StretchClockCmd             00008efb   defined in Debug\stm8s_i2c.o section .text
_LCD_Begin                       00008443   defined in Debug\lcd162_i2c.o section .text
                                            used in Debug\main.o
_LCD_Clear                       000084d7   defined in Debug\lcd162_i2c.o section .text
                                            used in Debug\main.o
_LCD_Cmd                         00008422   defined in Debug\lcd162_i2c.o section .text
_LCD_OffBL                       000085a8   defined in Debug\lcd162_i2c.o section .text
_LCD_OnBL                        000085a1   defined in Debug\lcd162_i2c.o section .text
                                            used in Debug\main.o
_LCD_PrintChar                   0000852c   defined in Debug\lcd162_i2c.o section .text
_LCD_PrintString                 00008580   defined in Debug\lcd162_i2c.o section .text
                                            used in Debug\main.o
_LCD_SetBit                      000083f9   defined in Debug\lcd162_i2c.o section .text
_LCD_SetCursor                   000084e1   defined in Debug\lcd162_i2c.o section .text
                                            used in Debug\main.o
_MovAvgFilter_Init               00008298   defined in Debug\filters.o section .text
                                            used in Debug\adc2.o
_MovAvgFilter_Update             000082c6   defined in Debug\filters.o section .text
                                            used in Debug\adc2.o
_PCF8574write                    000083ca   defined in Debug\lcd162_i2c.o section .text
_PCF8574writeAll                 00008393   defined in Debug\lcd162_i2c.o section .text
_Serial_Init                     00008716   defined in Debug\serialcom.o section .text
                                            used in Debug\main.o
_Serial_Print                    00008734   defined in Debug\serialcom.o section .text
                                            used in Debug\main.o
_Serial_ReadChar                 0000875d   defined in Debug\serialcom.o section .text
                                            used in Debug\main.o
_TIM2_ARRPreloadConfig           000092d0   defined in Debug\stm8s_tim2.o section .text
_TIM2_CCxCmd                     00009336   defined in Debug\stm8s_tim2.o section .text
_TIM2_ClearFlag                  000094b1   defined in Debug\stm8s_tim2.o section .text
_TIM2_ClearITPendingBit          000094de   defined in Debug\stm8s_tim2.o section .text
_TIM2_Cmd                        0000924f   defined in Debug\stm8s_tim2.o section .text
                                            used in Debug\timer.o
_TIM2_DeInit                     00009099   defined in Debug\stm8s_tim2.o section .text
                                            used in Debug\timer.o
_TIM2_ForcedOC1Config            000092a9   defined in Debug\stm8s_tim2.o section .text
_TIM2_ForcedOC2Config            000092b6   defined in Debug\stm8s_tim2.o section .text
_TIM2_ForcedOC3Config            000092c3   defined in Debug\stm8s_tim2.o section .text
_TIM2_GenerateEvent              00009308   defined in Debug\stm8s_tim2.o section .text
_TIM2_GetCapture1                00009400   defined in Debug\stm8s_tim2.o section .text
_TIM2_GetCapture2                00009426   defined in Debug\stm8s_tim2.o section .text
_TIM2_GetCapture3                0000944c   defined in Debug\stm8s_tim2.o section .text
_TIM2_GetCounter                 00009472   defined in Debug\stm8s_tim2.o section .text
_TIM2_GetFlagStatus              0000948f   defined in Debug\stm8s_tim2.o section .text
_TIM2_GetITStatus                000094bb   defined in Debug\stm8s_tim2.o section .text
_TIM2_GetPrescaler               0000948b   defined in Debug\stm8s_tim2.o section .text
_TIM2_ICInit                     00009198   defined in Debug\stm8s_tim2.o section .text
_TIM2_ITConfig                   0000925d   defined in Debug\stm8s_tim2.o section .text
_TIM2_OC1Init                    00009102   defined in Debug\stm8s_tim2.o section .text
                                            used in Debug\timer.o
_TIM2_OC1PolarityConfig          0000930c   defined in Debug\stm8s_tim2.o section .text
_TIM2_OC1PreloadConfig           000092de   defined in Debug\stm8s_tim2.o section .text
_TIM2_OC2Init                    00009134   defined in Debug\stm8s_tim2.o section .text
_TIM2_OC2PolarityConfig          0000931a   defined in Debug\stm8s_tim2.o section .text
_TIM2_OC2PreloadConfig           000092ec   defined in Debug\stm8s_tim2.o section .text
_TIM2_OC3Init                    00009166   defined in Debug\stm8s_tim2.o section .text
_TIM2_OC3PolarityConfig          00009328   defined in Debug\stm8s_tim2.o section .text
_TIM2_OC3PreloadConfig           000092fa   defined in Debug\stm8s_tim2.o section .text
_TIM2_PWMIConfig                 000091df   defined in Debug\stm8s_tim2.o section .text
_TIM2_PrescalerConfig            000092a0   defined in Debug\stm8s_tim2.o section .text
_TIM2_SelectOCxM                 00009371   defined in Debug\stm8s_tim2.o section .text
_TIM2_SelectOnePulseMode         00009292   defined in Debug\stm8s_tim2.o section .text
_TIM2_SetAutoreload              000093b5   defined in Debug\stm8s_tim2.o section .text
_TIM2_SetCompare1                000093be   defined in Debug\stm8s_tim2.o section .text
                                            used in Debug\timer.o
_TIM2_SetCompare2                000093c7   defined in Debug\stm8s_tim2.o section .text
_TIM2_SetCompare3                000093d0   defined in Debug\stm8s_tim2.o section .text
_TIM2_SetCounter                 000093ac   defined in Debug\stm8s_tim2.o section .text
_TIM2_SetIC1Prescaler            000093d9   defined in Debug\stm8s_tim2.o section .text
_TIM2_SetIC2Prescaler            000093e6   defined in Debug\stm8s_tim2.o section .text
_TIM2_SetIC3Prescaler            000093f3   defined in Debug\stm8s_tim2.o section .text
_TIM2_TimeBaseInit               000090f2   defined in Debug\stm8s_tim2.o section .text
                                            used in Debug\timer.o
_TIM2_UpdateDisableConfig        00009276   defined in Debug\stm8s_tim2.o section .text
_TIM2_UpdateRequestConfig        00009284   defined in Debug\stm8s_tim2.o section .text
_TIM_Init                        00009cf0   defined in Debug\timer.o section .text
                                            used in Debug\main.o
_TIM_SetDuty                     00009d0f   defined in Debug\timer.o section .text
                                            used in Debug\main.o
_UART1_ClearFlag                 0000986c   defined in Debug\stm8s_uart1.o section .text
_UART1_ClearITPendingBit         00009909   defined in Debug\stm8s_uart1.o section .text
_UART1_Cmd                       000096ce   defined in Debug\stm8s_uart1.o section .text
                                            used in Debug\debug.o
_UART1_DeInit                    00009573   defined in Debug\stm8s_uart1.o section .text
                                            used in Debug\debug.o
_UART1_GetFlagStatus             00009829   defined in Debug\stm8s_uart1.o section .text
                                            used in Debug\debug.o
_UART1_GetITStatus               0000987c   defined in Debug\stm8s_uart1.o section .text
_UART1_HalfDuplexCmd             0000974d   defined in Debug\stm8s_uart1.o section .text
_UART1_ITConfig                  000096dc   defined in Debug\stm8s_uart1.o section .text
_UART1_Init                      0000959e   defined in Debug\stm8s_uart1.o section .text
                                            used in Debug\debug.o
_UART1_IrDACmd                   00009769   defined in Debug\stm8s_uart1.o section .text
_UART1_IrDAConfig                0000975b   defined in Debug\stm8s_uart1.o section .text
_UART1_LINBreakDetectionConfig   00009777   defined in Debug\stm8s_uart1.o section .text
_UART1_LINCmd                    00009785   defined in Debug\stm8s_uart1.o section .text
_UART1_ReceiveData8              000097c8   defined in Debug\stm8s_uart1.o section .text
_UART1_ReceiveData9              000097cc   defined in Debug\stm8s_uart1.o section .text
_UART1_ReceiverWakeUpCmd         000097ba   defined in Debug\stm8s_uart1.o section .text
_UART1_SendBreak                 00009809   defined in Debug\stm8s_uart1.o section .text
_UART1_SendData8                 000097ee   defined in Debug\stm8s_uart1.o section .text
                                            used in Debug\debug.o
_UART1_SendData9                 000097f2   defined in Debug\stm8s_uart1.o section .text
_UART1_SetAddress                0000980e   defined in Debug\stm8s_uart1.o section .text
_UART1_SetGuardTime              00009821   defined in Debug\stm8s_uart1.o section .text
_UART1_SetPrescaler              00009825   defined in Debug\stm8s_uart1.o section .text
_UART1_SmartCardCmd              00009793   defined in Debug\stm8s_uart1.o section .text
_UART1_SmartCardNACKCmd          000097a1   defined in Debug\stm8s_uart1.o section .text
_UART1_WakeUpConfig              000097af   defined in Debug\stm8s_uart1.o section .text
_UART3_ClearFlag                 00009bf5   defined in Debug\stm8s_uart3.o section .text
                                            used in Debug\serialcom.o
_UART3_ClearITPendingBit         00009cd1   defined in Debug\stm8s_uart3.o section .text
_UART3_Cmd                       00009a38   defined in Debug\stm8s_uart3.o section .text
                                            used in Debug\serialcom.o
_UART3_DeInit                    00009919   defined in Debug\stm8s_uart3.o section .text
                                            used in Debug\serialcom.o
_UART3_GetFlagStatus             00009b93   defined in Debug\stm8s_uart3.o section .text
                                            used in Debug\serialcom.o
_UART3_GetITStatus               00009c21   defined in Debug\stm8s_uart3.o section .text
_UART3_ITConfig                  00009a46   defined in Debug\stm8s_uart3.o section .text
_UART3_Init                      0000993c   defined in Debug\stm8s_uart3.o section .text
                                            used in Debug\serialcom.o
_UART3_LINBreakDetectionConfig   00009ad8   defined in Debug\stm8s_uart3.o section .text
_UART3_LINCmd                    00009b13   defined in Debug\stm8s_uart3.o section .text
_UART3_LINConfig                 00009ae6   defined in Debug\stm8s_uart3.o section .text
_UART3_ReceiveData8              00009b3a   defined in Debug\stm8s_uart3.o section .text
                                            used in Debug\serialcom.o
_UART3_ReceiveData9              00009b3e   defined in Debug\stm8s_uart3.o section .text
_UART3_ReceiverWakeUpCmd         00009b2c   defined in Debug\stm8s_uart3.o section .text
_UART3_SendBreak                 00009b7b   defined in Debug\stm8s_uart3.o section .text
_UART3_SendData8                 00009b60   defined in Debug\stm8s_uart3.o section .text
                                            used in Debug\serialcom.o
_UART3_SendData9                 00009b64   defined in Debug\stm8s_uart3.o section .text
_UART3_SetAddress                00009b80   defined in Debug\stm8s_uart3.o section .text
_UART3_WakeUpConfig              00009b21   defined in Debug\stm8s_uart3.o section .text
__endmem                         000013ff   defined in command file
                                            *** not used ***
__endzp                          0000006d   defined in command file section .ubsct
                                            used in C:\Program Files (x86)\COSMIC\FSE_Compilers\CXSTM8\lib\crtsi0.sm8
__idesc__                        00008141   defined in linker section .init
                                            used in C:\Program Files (x86)\COSMIC\FSE_Compilers\CXSTM8\lib\crtsi0.sm8
__itob                           0000a297   defined in (C:\Program Files (x86)\COSMIC\FSE_Compilers\CXSTM8\lib\libis0.sm8)itob.o section .text
                                            used in (C:\Program Files (x86)\COSMIC\FSE_Compilers\CXSTM8\lib\libis0.sm8)cprint.o
__ltob                           0000a311   defined in (C:\Program Files (x86)\COSMIC\FSE_Compilers\CXSTM8\lib\libis0.sm8)itob.o section .text
                                            used in (C:\Program Files (x86)\COSMIC\FSE_Compilers\CXSTM8\lib\libis0.sm8)cprint.o
__memory                         00000100   defined in command file section .bss
                                            used in C:\Program Files (x86)\COSMIC\FSE_Compilers\CXSTM8\lib\crtsi0.sm8
__print                          00009e34   defined in (C:\Program Files (x86)\COSMIC\FSE_Compilers\CXSTM8\lib\libis0.sm8)cprint.o section .text
                                            used in (C:\Program Files (x86)\COSMIC\FSE_Compilers\CXSTM8\lib\libis0.sm8)printf.o
                                                    (C:\Program Files (x86)\COSMIC\FSE_Compilers\CXSTM8\lib\libis0.sm8)sprnt.o
__stack                          000017ff   defined in command file
                                            used in C:\Program Files (x86)\COSMIC\FSE_Compilers\CXSTM8\lib\crtsi0.sm8
__startmem                       00000100   defined in command file section .bss
                                            *** not used ***
__stext                          000081ab   defined in C:\Program Files (x86)\COSMIC\FSE_Compilers\CXSTM8\lib\crtsi0.sm8 section .text
                                            used in Debug\stm8_interrupt_vector.o
__udiv                           0000a3a7   defined in (C:\Program Files (x86)\COSMIC\FSE_Compilers\CXSTM8\lib\libis0.sm8)idiv0.o section .text
                                            used in (C:\Program Files (x86)\COSMIC\FSE_Compilers\CXSTM8\lib\libis0.sm8)itob.o
__uldiv                          0000a3b2   defined in (C:\Program Files (x86)\COSMIC\FSE_Compilers\CXSTM8\lib\libis0.sm8)ildiv0.o section .text
                                            used in (C:\Program Files (x86)\COSMIC\FSE_Compilers\CXSTM8\lib\libis0.sm8)itob.o
__vectab                         00008000   defined in Debug\stm8_interrupt_vector.o section .const
_currentValue                    00000062   defined in Debug\lcd162_i2c.o section .ubsct
_dbg_init                        00008266   defined in Debug\debug.o section .text
                                            used in Debug\main.o
_delay                           000086e7   defined in Debug\main.o section .text
_exit                            000081f9   defined in C:\Program Files (x86)\COSMIC\FSE_Compilers\CXSTM8\lib\crtsi0.sm8 section .text
_gv                              00000000   defined in Debug\main.o section .bsct, initialized
_main                            000085af   defined in Debug\main.o section .text
                                            used in C:\Program Files (x86)\COSMIC\FSE_Compilers\CXSTM8\lib\crtsi0.sm8
_printf                          00009d2d   defined in (C:\Program Files (x86)\COSMIC\FSE_Compilers\CXSTM8\lib\libis0.sm8)printf.o section .text
                                            used in Debug\main.o
_putchar                         00008286   defined in Debug\debug.o section .text
                                            used in (C:\Program Files (x86)\COSMIC\FSE_Compilers\CXSTM8\lib\libis0.sm8)cprint.o
_sprintf                         0000a3cd   defined in (C:\Program Files (x86)\COSMIC\FSE_Compilers\CXSTM8\lib\libis0.sm8)sprnt.o section .text
                                            used in Debug\main.o
_strlen                          0000a3e1   defined in (C:\Program Files (x86)\COSMIC\FSE_Compilers\CXSTM8\lib\libis0.sm8)strlen0.o section .text
                                            used in (C:\Program Files (x86)\COSMIC\FSE_Compilers\CXSTM8\lib\libis0.sm8)cprint.o
_toupper                         0000a3ed   defined in (C:\Program Files (x86)\COSMIC\FSE_Compilers\CXSTM8\lib\libis0.sm8)toup0.o section .text
                                            used in (C:\Program Files (x86)\COSMIC\FSE_Compilers\CXSTM8\lib\libis0.sm8)cprint.o
c_bmulx                          0000a3f8   defined in (C:\Program Files (x86)\COSMIC\FSE_Compilers\CXSTM8\lib\libm0.sm8)bmulx.o section .text
                                            used in Debug\timer.o
                                                    (C:\Program Files (x86)\COSMIC\FSE_Compilers\CXSTM8\lib\libis0.sm8)cprint.o
c_divsl                          0000a406   defined in (C:\Program Files (x86)\COSMIC\FSE_Compilers\CXSTM8\lib\libm0.sm8)ldiv.o section .text
                                            *** not used ***
c_divul                          0000a41d   defined in (C:\Program Files (x86)\COSMIC\FSE_Compilers\CXSTM8\lib\libm0.sm8)ldiv.o section .text
                                            used in (C:\Program Files (x86)\COSMIC\FSE_Compilers\CXSTM8\lib\libis0.sm8)ildiv0.o
                                                    (C:\Program Files (x86)\COSMIC\FSE_Compilers\CXSTM8\lib\libm0.sm8)ludiv.o
c_lcmp                           0000a4f1   defined in (C:\Program Files (x86)\COSMIC\FSE_Compilers\CXSTM8\lib\libm0.sm8)lcmp.o section .text
                                            used in Debug\lcd162_i2c.o
                                                    Debug\main.o
                                                    Debug\stm8s_i2c.o
c_lgadc                          0000a511   defined in (C:\Program Files (x86)\COSMIC\FSE_Compilers\CXSTM8\lib\libm0.sm8)lgadc.o section .text
                                            used in Debug\lcd162_i2c.o
                                                    Debug\main.o
c_lgadd                          0000a521   defined in (C:\Program Files (x86)\COSMIC\FSE_Compilers\CXSTM8\lib\libm0.sm8)lgadd.o section .text
                                            used in Debug\filters.o
c_lgneg                          0000a538   defined in (C:\Program Files (x86)\COSMIC\FSE_Compilers\CXSTM8\lib\libm0.sm8)lgneg.o section .text
                                            used in (C:\Program Files (x86)\COSMIC\FSE_Compilers\CXSTM8\lib\libm0.sm8)ldiv.o
c_lgsub                          0000a54b   defined in (C:\Program Files (x86)\COSMIC\FSE_Compilers\CXSTM8\lib\libm0.sm8)lgsub.o section .text
                                            used in Debug\filters.o
c_llsh                           0000a562   defined in (C:\Program Files (x86)\COSMIC\FSE_Compilers\CXSTM8\lib\libm0.sm8)llsh.o section .text
                                            used in Debug\stm8s_uart1.o
                                                    Debug\stm8s_uart3.o
c_lmul                           0000a571   defined in (C:\Program Files (x86)\COSMIC\FSE_Compilers\CXSTM8\lib\libm0.sm8)lmul.o section .text
                                            used in Debug\stm8s_i2c.o
c_lmulc                          0000a579   defined in (C:\Program Files (x86)\COSMIC\FSE_Compilers\CXSTM8\lib\libm0.sm8)lmul.o section .text
                                            *** not used ***
c_lneg                           0000a5fc   defined in (C:\Program Files (x86)\COSMIC\FSE_Compilers\CXSTM8\lib\libm0.sm8)lneg.o section .text
                                            used in (C:\Program Files (x86)\COSMIC\FSE_Compilers\CXSTM8\lib\libis0.sm8)itob.o
                                                    (C:\Program Files (x86)\COSMIC\FSE_Compilers\CXSTM8\lib\libm0.sm8)ldiv.o
c_lreg                           00000063   defined in (C:\Program Files (x86)\COSMIC\FSE_Compilers\CXSTM8\lib\libm0.sm8)lreg.o section .ubsct
                                            used in Debug\filters.o
                                                    Debug\lcd162_i2c.o
                                                    Debug\stm8s_clk.o
                                                    Debug\stm8s_i2c.o
                                                    Debug\stm8s_uart1.o
                                                    Debug\stm8s_uart3.o
                                                    (C:\Program Files (x86)\COSMIC\FSE_Compilers\CXSTM8\lib\libis0.sm8)cprint.o
                                                    (C:\Program Files (x86)\COSMIC\FSE_Compilers\CXSTM8\lib\libm0.sm8)ldiv.o
                                                    (C:\Program Files (x86)\COSMIC\FSE_Compilers\CXSTM8\lib\libm0.sm8)lcmp.o
                                                    (C:\Program Files (x86)\COSMIC\FSE_Compilers\CXSTM8\lib\libm0.sm8)lgadd.o
                                                    (C:\Program Files (x86)\COSMIC\FSE_Compilers\CXSTM8\lib\libm0.sm8)lgsub.o
                                                    (C:\Program Files (x86)\COSMIC\FSE_Compilers\CXSTM8\lib\libm0.sm8)llsh.o
                                                    (C:\Program Files (x86)\COSMIC\FSE_Compilers\CXSTM8\lib\libm0.sm8)lmul.o
                                                    (C:\Program Files (x86)\COSMIC\FSE_Compilers\CXSTM8\lib\libm0.sm8)lneg.o
                                                    (C:\Program Files (x86)\COSMIC\FSE_Compilers\CXSTM8\lib\libm0.sm8)lsub.o
                                                    (C:\Program Files (x86)\COSMIC\FSE_Compilers\CXSTM8\lib\libm0.sm8)ltor.o
                                                    (C:\Program Files (x86)\COSMIC\FSE_Compilers\CXSTM8\lib\libm0.sm8)rtol.o
                                                    (C:\Program Files (x86)\COSMIC\FSE_Compilers\CXSTM8\lib\libm0.sm8)smul.o
                                                    (C:\Program Files (x86)\COSMIC\FSE_Compilers\CXSTM8\lib\libm0.sm8)utoly.o
c_lsub                           0000a611   defined in (C:\Program Files (x86)\COSMIC\FSE_Compilers\CXSTM8\lib\libm0.sm8)lsub.o section .text
                                            used in Debug\stm8s_uart1.o
                                                    Debug\stm8s_uart3.o
c_ltor                           0000a629   defined in (C:\Program Files (x86)\COSMIC\FSE_Compilers\CXSTM8\lib\libm0.sm8)ltor.o section .text
                                            used in Debug\filters.o
                                                    Debug\lcd162_i2c.o
                                                    Debug\main.o
                                                    Debug\stm8s_clk.o
                                                    Debug\stm8s_i2c.o
                                                    Debug\stm8s_uart1.o
                                                    Debug\stm8s_uart3.o
                                                    (C:\Program Files (x86)\COSMIC\FSE_Compilers\CXSTM8\lib\libis0.sm8)itob.o
                                                    (C:\Program Files (x86)\COSMIC\FSE_Compilers\CXSTM8\lib\libis0.sm8)ildiv0.o
c_ludv                           0000a63b   defined in (C:\Program Files (x86)\COSMIC\FSE_Compilers\CXSTM8\lib\libm0.sm8)ludiv.o section .text
                                            used in Debug\filters.o
                                                    Debug\lcd162_i2c.o
                                                    Debug\stm8s_clk.o
                                                    Debug\stm8s_i2c.o
                                                    Debug\stm8s_uart1.o
                                                    Debug\stm8s_uart3.o
c_lzmp                           0000a64f   defined in (C:\Program Files (x86)\COSMIC\FSE_Compilers\CXSTM8\lib\libm0.sm8)lzmp.o section .text
                                            used in (C:\Program Files (x86)\COSMIC\FSE_Compilers\CXSTM8\lib\libis0.sm8)itob.o
c_rtol                           0000a662   defined in (C:\Program Files (x86)\COSMIC\FSE_Compilers\CXSTM8\lib\libm0.sm8)rtol.o section .text
                                            used in Debug\filters.o
                                                    Debug\stm8s_clk.o
                                                    Debug\stm8s_i2c.o
                                                    Debug\stm8s_uart1.o
                                                    Debug\stm8s_uart3.o
                                                    (C:\Program Files (x86)\COSMIC\FSE_Compilers\CXSTM8\lib\libis0.sm8)cprint.o
                                                    (C:\Program Files (x86)\COSMIC\FSE_Compilers\CXSTM8\lib\libis0.sm8)itob.o
                                                    (C:\Program Files (x86)\COSMIC\FSE_Compilers\CXSTM8\lib\libis0.sm8)ildiv0.o
c_sdivx                          0000a67a   defined in (C:\Program Files (x86)\COSMIC\FSE_Compilers\CXSTM8\lib\libm0.sm8)sdivx.o section .text
                                            used in Debug\stm8s_i2c.o
c_smodx                          0000a674   defined in (C:\Program Files (x86)\COSMIC\FSE_Compilers\CXSTM8\lib\libm0.sm8)sdivx.o section .text
                                            used in Debug\filters.o
c_smul                           0000a69f   defined in (C:\Program Files (x86)\COSMIC\FSE_Compilers\CXSTM8\lib\libm0.sm8)smul.o section .text
                                            used in Debug\main.o
                                                    Debug\stm8s_i2c.o
                                                    Debug\stm8s_uart1.o
                                                    Debug\stm8s_uart3.o
c_uitoly                         0000a6de   defined in (C:\Program Files (x86)\COSMIC\FSE_Compilers\CXSTM8\lib\libm0.sm8)utoly.o section .text
                                            used in Debug\filters.o
c_x                              00000067   defined in (C:\Program Files (x86)\COSMIC\FSE_Compilers\CXSTM8\lib\libm0.sm8)xreg.o section .ubsct
                                            used in C:\Program Files (x86)\COSMIC\FSE_Compilers\CXSTM8\lib\crtsi0.sm8
                                                    (C:\Program Files (x86)\COSMIC\FSE_Compilers\CXSTM8\lib\libis0.sm8)strlen0.o
                                                    (C:\Program Files (x86)\COSMIC\FSE_Compilers\CXSTM8\lib\libm0.sm8)bmulx.o
                                                    (C:\Program Files (x86)\COSMIC\FSE_Compilers\CXSTM8\lib\libm0.sm8)ldiv.o
                                                    (C:\Program Files (x86)\COSMIC\FSE_Compilers\CXSTM8\lib\libm0.sm8)lmul.o
                                                    (C:\Program Files (x86)\COSMIC\FSE_Compilers\CXSTM8\lib\libm0.sm8)sdivx.o
c_y                              0000006a   defined in (C:\Program Files (x86)\COSMIC\FSE_Compilers\CXSTM8\lib\libm0.sm8)yreg.o section .ubsct
                                            used in C:\Program Files (x86)\COSMIC\FSE_Compilers\CXSTM8\lib\crtsi0.sm8
f_NonHandledInterrupt            0000a6e6   defined in Debug\stm8_interrupt_vector.o section .text
